Traceback (most recent call last):
  File "/Users/danny/개발 모음 폴더/raptor/sim/rl/turn_wrench_probe.py", line 111, in <module>
    main()
    ~~~~^^
  File "/Users/danny/개발 모음 폴더/raptor/sim/rl/turn_wrench_probe.py", line 106, in main
    f.write(json.dumps(row)+'\n'); f.flush()
            ~~~~~~~~~~^^^^^
  File "/opt/homebrew/Cellar/python@3.14/3.14.7/Frameworks/Python.framework/Versions/3.14/lib/python3.14/json/__init__.py", line 235, in dumps
    return _default_encoder.encode(obj)
           ~~~~~~~~~~~~~~~~~~~~~~~^^^^^
  File "/opt/homebrew/Cellar/python@3.14/3.14.7/Frameworks/Python.framework/Versions/3.14/lib/python3.14/json/encoder.py", line 202, in encode
    chunks = self.iterencode(o, _one_shot=True)
  File "/opt/homebrew/Cellar/python@3.14/3.14.7/Frameworks/Python.framework/Versions/3.14/lib/python3.14/json/encoder.py", line 263, in iterencode
    return _iterencode(o, 0)
  File "/opt/homebrew/Cellar/python@3.14/3.14.7/Frameworks/Python.framework/Versions/3.14/lib/python3.14/json/encoder.py", line 182, in default
    raise TypeError(f'Object of type {o.__class__.__name__} '
                    f'is not JSON serializable')
TypeError: Object of type bool is not JSON serializable
when serializing dict item 'left'
when serializing dict item 'loaded'
when serializing list item 0
when serializing dict item 'control'
