Traceback (most recent call last):
  File "<string>", line 1, in <module>
    import sys; from multiprocessing.forkserver import main; main(11, 13, ['__main__'], sys_argv=sys.argv[1:], **{'sys_path': ['/Users/danny/개발 모음 폴더/raptor/sim/rl', '/Users/danny/개발 모음 폴더/raptor/sim/rl', '/Users/danny/개발 모음 폴더/raptor/sim', '/Users/danny/개발 모음 폴더/raptor/sim/rl', '/Users/danny/개발 모음 폴더/raptor/sim/rl', '/private/tmp', '/opt/homebrew/Cellar/python@3.14/3.14.7/Frameworks/Python.framework/Versions/3.14/lib/python314.zip', '/opt/homebrew/Cellar/python@3.14/3.14.7/Frameworks/Python.framework/Versions/3.14/lib/python3.14', '/opt/homebrew/Cellar/python@3.14/3.14.7/Frameworks/Python.framework/Versions/3.14/lib/python3.14/lib-dynload', '/Users/danny/개발 모음 폴더/raptor/.venv-sim/lib/python3.14/site-packages', '/Users/danny/개발 모음 폴더/raptor/.venv-sim/lib/python3.14/site-packages/cmeel.prefix/lib/python3.14/site-packages'], 'main_path': '/tmp/raptor_first_rollout.py', 'authkey_r': 15})
                                                             ~~~~^^^^^^^^^^^^^^^^^^^^^^^^^^^^^^^^^^^^^^^^^^^^^^^^^^^^^^^^^^^^^^^^^^^^^^^^^^^^^^^^^^^^^^^^^^^^^^^^^^^^^^^^^^^^^^^^^^^^^^^^^^^^^^^^^^^^^^^^^^^^^^^^^^^^^^^^^^^^^^^^^^^^^^^^^^^^^^^^^^^^^^^^^^^^^^^^^^^^^^^^^^^^^^^^^^^^^^^^^^^^^^^^^^^^^^^^^^^^^^^^^^^^^^^^^^^^^^^^^^^^^^^^^^^^^^^^^^^^^^^^^^^^^^^^^^^^^^^^^^^^^^^^^^^^^^^^^^^^^^^^^^^^^^^^^^^^^^^^^^^^^^^^^^^^^^^^^^^^^^^^^^^^^^^^^^^^^^^^^^^^^^^^^^^^^^^^^^^^^^^^^^^^^^^^^^^^^^^^^^^^^^^^^^^^^^^^^^^^^^^^^^^^^^^^^^^^^^^^^^^^^^^^^^^^^^^^^^^^^^^^^^^^^^^^^^^^^^^^^^^^^^^^^^^^^^^^^^^^^^^^^^^^^^^^^^^^^^^^^^^^^^^^^^^^^^^^^^^^^^^^^^^^^^^^^^^^^^^^^^^^^^^^^^^^^^^^^^^^^^^^^^^^^^^^^^^^^^^^^^^^^^^^^^^^^^^^^^^^^^^^^^^^^^^^^^^^^^^^^^^^^^^^^^^^^^^^^^^^^^^^^^^^^^^^^^^^^^^^^^^^^^^^^^^^^^^^^^^^^^^^^^^^^^^^^^^^^^^^^^^^^^^^^^^^^^^^^^^^^^^^^^^^^^^^^^^^^^^^^^^^^^^^^^^^^^^^^^^^^^^^^^^^^^^^^^^^^^^^^^^^^^^^^^^^^^^^^^^^^^^^^^^^^^^^^^^^^^^^^^^^^^^^^^^^^^^^^^^^^^^^^^^^^^^^^^^^^^^^^^^^^^^^^^^^^^^^^^^^^^^^^^^^^^^^^^^^^^^^^
  File "/opt/homebrew/Cellar/python@3.14/3.14.7/Frameworks/Python.framework/Versions/3.14/lib/python3.14/multiprocessing/forkserver.py", line 230, in main
    spawn.import_main_path(main_path)
    ~~~~~~~~~~~~~~~~~~~~~~^^^^^^^^^^^
  File "/opt/homebrew/Cellar/python@3.14/3.14.7/Frameworks/Python.framework/Versions/3.14/lib/python3.14/multiprocessing/spawn.py", line 307, in import_main_path
    _fixup_main_from_path(main_path)
    ~~~~~~~~~~~~~~~~~~~~~^^^^^^^^^^^
  File "/opt/homebrew/Cellar/python@3.14/3.14.7/Frameworks/Python.framework/Versions/3.14/lib/python3.14/multiprocessing/spawn.py", line 297, in _fixup_main_from_path
    main_content = runpy.run_path(main_path,
                                  run_name="__mp_main__")
  File "<frozen runpy>", line 294, in run_path
  File "<frozen runpy>", line 98, in _run_module_code
  File "<frozen runpy>", line 88, in _run_code
  File "/tmp/raptor_first_rollout.py", line 9, in <module>
    out=Path('docs/evidence/127-first-rollout-advantages');out.mkdir(exist_ok=False)
                                                           ~~~~~~~~~^^^^^^^^^^^^^^^^
  File "/opt/homebrew/Cellar/python@3.14/3.14.7/Frameworks/Python.framework/Versions/3.14/lib/python3.14/pathlib/__init__.py", line 1011, in mkdir
    os.mkdir(self, mode)
    ~~~~~~~~^^^^^^^^^^^^
FileExistsError: [Errno 17] File exists: 'docs/evidence/127-first-rollout-advantages'
Traceback (most recent call last):
  File "/tmp/raptor_first_rollout.py", line 32, in <module>
    try:train_symmetric.main()
        ~~~~~~~~~~~~~~~~~~~~^^
  File "/Users/danny/개발 모음 폴더/raptor/sim/rl/train_symmetric.py", line 92, in main
    env=VecMonitor(SubprocVecEnv([make(kw,a.seed*100+i,cls) for i in range(4)]),
                   ~~~~~~~~~~~~~^^^^^^^^^^^^^^^^^^^^^^^^^^^^^^^^^^^^^^^^^^^^^^^
  File "/Users/danny/개발 모음 폴더/raptor/.venv-sim/lib/python3.14/site-packages/stable_baselines3/common/vec_env/subproc_vec_env.py", line 122, in __init__
    process.start()
    ~~~~~~~~~~~~~^^
  File "/opt/homebrew/Cellar/python@3.14/3.14.7/Frameworks/Python.framework/Versions/3.14/lib/python3.14/multiprocessing/process.py", line 121, in start
    self._popen = self._Popen(self)
                  ~~~~~~~~~~~^^^^^^
  File "/opt/homebrew/Cellar/python@3.14/3.14.7/Frameworks/Python.framework/Versions/3.14/lib/python3.14/multiprocessing/context.py", line 306, in _Popen
    return Popen(process_obj)
  File "/opt/homebrew/Cellar/python@3.14/3.14.7/Frameworks/Python.framework/Versions/3.14/lib/python3.14/multiprocessing/popen_forkserver.py", line 35, in __init__
    super().__init__(process_obj)
    ~~~~~~~~~~~~~~~~^^^^^^^^^^^^^
  File "/opt/homebrew/Cellar/python@3.14/3.14.7/Frameworks/Python.framework/Versions/3.14/lib/python3.14/multiprocessing/popen_fork.py", line 20, in __init__
    self._launch(process_obj)
    ~~~~~~~~~~~~^^^^^^^^^^^^^
  File "/opt/homebrew/Cellar/python@3.14/3.14.7/Frameworks/Python.framework/Versions/3.14/lib/python3.14/multiprocessing/popen_forkserver.py", line 51, in _launch
    self.sentinel, w = forkserver.connect_to_new_process(self._fds)
                       ~~~~~~~~~~~~~~~~~~~~~~~~~~~~~~~~~^^^^^^^^^^^
  File "/opt/homebrew/Cellar/python@3.14/3.14.7/Frameworks/Python.framework/Versions/3.14/lib/python3.14/multiprocessing/forkserver.py", line 106, in connect_to_new_process
    connection.answer_challenge(
    ~~~~~~~~~~~~~~~~~~~~~~~~~~~^
            wrapped_client, self._forkserver_authkey)
            ^^^^^^^^^^^^^^^^^^^^^^^^^^^^^^^^^^^^^^^^^
  File "/opt/homebrew/Cellar/python@3.14/3.14.7/Frameworks/Python.framework/Versions/3.14/lib/python3.14/multiprocessing/connection.py", line 995, in answer_challenge
    message = connection.recv_bytes(256)         # reject large message
  File "/opt/homebrew/Cellar/python@3.14/3.14.7/Frameworks/Python.framework/Versions/3.14/lib/python3.14/multiprocessing/connection.py", line 226, in recv_bytes
    buf = self._recv_bytes(maxlength)
  File "/opt/homebrew/Cellar/python@3.14/3.14.7/Frameworks/Python.framework/Versions/3.14/lib/python3.14/multiprocessing/connection.py", line 451, in _recv_bytes
    buf = self._recv(4)
  File "/opt/homebrew/Cellar/python@3.14/3.14.7/Frameworks/Python.framework/Versions/3.14/lib/python3.14/multiprocessing/connection.py", line 420, in _recv
    raise EOFError
EOFError
